// Jest Snapshot v1, https://goo.gl/fbAQLP

exports[`Render ButtonBack Component Test Snapshot 1`] = `
<div>
  <div>
    <a
      href="/"
    >
      <div
        class="profiles_details__back"
      >
        <img
          alt="Photo"
          class=""
          data-nimg="1"
          decoding="async"
          height="40"
          loading="lazy"
          src="/_next/image?url=%2Fimg.jpg&w=96&q=75"
          srcset="/_next/image?url=%2Fimg.jpg&w=48&q=75 1x, /_next/image?url=%2Fimg.jpg&w=96&q=75 2x"
          style="color: transparent;"
          width="40"
        />
      </div>
    </a>
  </div>
</div>
`;

exports[`Render ButtonBack Component Test role link and className profiles_details__back 1`] = `
<div>
  <div>
    <a
      href="/"
    >
      <div
        class="profiles_details__back"
      >
        <img
          alt="Photo"
          class=""
          data-nimg="1"
          decoding="async"
          height="40"
          loading="lazy"
          src="/_next/image?url=%2Fimg.jpg&w=96&q=75"
          srcset="/_next/image?url=%2Fimg.jpg&w=48&q=75 1x, /_next/image?url=%2Fimg.jpg&w=96&q=75 2x"
          style="color: transparent;"
          width="40"
        />
      </div>
    </a>
  </div>
</div>
`;
